// Jest Snapshot v1, https://goo.gl/fbAQLP

exports[`check-snapshot 1`] = `
Object {
  "createdAt": Any<Date>,
  "id": Any<Number>,
  "name": "Jochen Knochen",
}
`;
